// Jest Snapshot v1, https://goo.gl/fbAQLP

exports[`Home Component Tests renders the Home component unchanged (snapshot) 1`] = `
<div>
  <div
    class="min-h-screen bg-gray-50 py-8 px-4 sm:px-6 lg:px-8"
  >
    <div
      class="max-w-7xl mx-auto"
    >
      <h1
        class="text-3xl font-bold text-gray-900 text-center mb-8 font-space-mono"
      >
        CI/CD Dashboard
      </h1>
      <div
        class="grid grid-cols-1 gap-6 sm:grid-cols-2 lg:grid-cols-3"
      >
        <div
          class="col-span-full flex flex-col items-center justify-center py-12"
        >
          <div
            class="animate-spin rounded-full h-12 w-12 border-b-2 border-blue-500 mb-4"
          />
          <p
            class="text-gray-500 font-space-mono"
          >
            Loading...
          </p>
        </div>
      </div>
    </div>
  </div>
</div>
`;
